2026-04-21 05:48:18 | INFO     | Downloading ADANIPOWER.NS — daily data for last 5 years ...
2026-04-21 05:48:18 | INFO     | Output : /app/Data/testing_data/Data_files/yfinance_data/ADANIPOWER_daily_5yr.csv
2026-04-21 05:48:18 | INFO     | ------------------------------------------------------------
2026-04-21 05:48:20 | INFO     | Ticker  : ADANIPOWER.NS
2026-04-21 05:48:20 | INFO     | Rows    : 1,236
2026-04-21 05:48:20 | INFO     | From    : 2021-04-22
2026-04-21 05:48:20 | INFO     | To      : 2026-04-21
2026-04-21 05:48:20 | INFO     | Columns : ['Open', 'High', 'Low', 'Close', 'Volume']
2026-04-21 05:48:20 | INFO     | ------------------------------------------------------------
2026-04-21 05:48:20 | INFO     | Saved   : /app/Data/testing_data/Data_files/yfinance_data/ADANIPOWER_daily_5yr.csv
2026-04-21 05:48:20 | INFO     | 
Sample (last 5 rows):
2026-04-21 05:48:20 | INFO     | 
                  Open        High         Low       Close    Volume
Date                                                                
2026-04-15  185.270004  187.070007  181.550003  183.429993  51497511
2026-04-16  184.000000  194.369995  183.270004  193.190002  69751834
2026-04-17  196.449997  200.000000  190.660004  198.500000  95051761
2026-04-20  198.500000  207.500000  197.410004  200.830002  81881887
2026-04-21  203.300003  207.300003  201.869995  204.000000  38455338
2026-04-21 05:50:58 | INFO     | Downloading ADANIPOWER.NS — daily data from 2022-01-01 till date ...
2026-04-21 05:50:58 | INFO     | Output : /app/Data/testing_data/Data_files/yfinance_data/ADANIPOWER_daily_since_2022.csv
2026-04-21 05:50:58 | INFO     | ------------------------------------------------------------
2026-04-21 05:51:00 | INFO     | Ticker  : ADANIPOWER.NS
2026-04-21 05:51:00 | INFO     | Rows    : 1,061
2026-04-21 05:51:00 | INFO     | From    : 2022-01-03
2026-04-21 05:51:00 | INFO     | To      : 2026-04-21
2026-04-21 05:51:00 | INFO     | Columns : ['Open', 'High', 'Low', 'Close', 'Volume']
2026-04-21 05:51:00 | INFO     | ------------------------------------------------------------
2026-04-21 05:51:00 | INFO     | Saved   : /app/Data/testing_data/Data_files/yfinance_data/ADANIPOWER_daily_since_2022.csv
2026-04-21 05:51:00 | INFO     | 
Sample (last 5 rows):
2026-04-21 05:51:00 | INFO     | 
                  Open        High         Low       Close    Volume
Date                                                                
2026-04-15  185.270004  187.070007  181.550003  183.429993  51497511
2026-04-16  184.000000  194.369995  183.270004  193.190002  69751834
2026-04-17  196.449997  200.000000  190.660004  198.500000  95051761
2026-04-20  198.500000  207.500000  197.410004  200.830002  81881887
2026-04-21  203.300003  207.300003  201.869995  203.869995  38563189
